Using pre-set license
Built from '2020.3/staging' branch; Version is '2020.3.17f1 (a4537701e4ab) revision 10769271'; Using compiler version '192528614'; Build Type 'Release'
OS: 'Windows 10 Pro; OS build 19045.7663; Version 2009; 64bit' Language: 'zh' Physical Memory: 32581 MB
BatchMode: 1, IsHumanControllingUs: 0, StartBugReporterOnCrash: 0, Is64bit: 1, IsPro: 0

COMMAND LINE ARGUMENTS:
C:\Program Files\Unity\Editor\Unity.exe
-adb2
-batchMode
-noUpm
-name
AssetImportWorker0
-projectPath
G:/MyUFE
-logFile
Logs/AssetImportWorker0.log
-srvPort
5157
Successfully changed project path to: G:/MyUFE
G:/MyUFE
Using Asset Import Pipeline V2.
Refreshing native plugins compatible for Editor in 46.30 ms, found 2 plugins.
Preloading 0 native plugins for Editor in 0.00 ms.
Initialize engine version: 2020.3.17f1 (a4537701e4ab)
[Subsystems] Discovering subsystems at path C:/Program Files/Unity/Editor/Data/Resources/UnitySubsystems
[Subsystems] Discovering subsystems at path G:/MyUFE/Assets
GfxDevice: creating device client; threaded=0
Direct3D:
    Version:  Direct3D 11.0 [level 11.1]
    Renderer: NVIDIA GeForce RTX 3060 (ID=0x2504)
    Vendor:   
    VRAM:     12113 MB
    Driver:   32.0.16.1088
Initialize mono
Mono path[0] = 'C:/Program Files/Unity/Editor/Data/Managed'
Mono path[1] = 'C:/Program Files/Unity/Editor/Data/MonoBleedingEdge/lib/mono/unityjit'
Mono config path = 'C:/Program Files/Unity/Editor/Data/MonoBleedingEdge/etc'
Using monoOptions --debugger-agent=transport=dt_socket,embedding=1,server=y,suspend=n,address=127.0.0.1:56940
Begin MonoManager ReloadAssembly
Registering precompiled unity dll's ...
Register platform support module: C:/Program Files/Unity/Editor/Data/PlaybackEngines/WindowsStandaloneSupport/UnityEditor.WindowsStandalone.Extensions.dll
Registered in 0.002506 seconds.
Native extension for WindowsStandalone target not found
Refreshing native plugins compatible for Editor in 45.93 ms, found 2 plugins.
Preloading 0 native plugins for Editor in 0.00 ms.
Mono: successfully reloaded assembly
- Completed reload, in  2.519 seconds
Domain Reload Profiling:
	ReloadAssembly (2519ms)
		BeginReloadAssembly (68ms)
			ExecutionOrderSort (0ms)
			DisableScriptedObjects (0ms)
			BackupInstance (0ms)
			ReleaseScriptingObjects (0ms)
			CreateAndSetChildDomain (1ms)
		EndReloadAssembly (512ms)
			LoadAssemblies (65ms)
			RebuildTransferFunctionScriptingTraits (0ms)
			SetupTypeCache (166ms)
			ReleaseScriptCaches (0ms)
			RebuildScriptCaches (49ms)
			SetupLoadedEditorAssemblies (211ms)
				LogAssemblyErrors (0ms)
				InitializePlatformSupportModulesInManaged (6ms)
				SetLoadedEditorAssemblies (0ms)
				RefreshPlugins (46ms)
				BeforeProcessingInitializeOnLoad (20ms)
				ProcessInitializeOnLoadAttributes (105ms)
				ProcessInitializeOnLoadMethodAttributes (33ms)
				AfterProcessingInitializeOnLoad (0ms)
				EditorAssembliesLoaded (0ms)
			ExecutionOrderSort2 (0ms)
			AwakeInstancesAfterBackupRestoration (0ms)
Platform modules already initialized, skipping
Registering precompiled user dll's ...
Registered in 0.005377 seconds.
Begin MonoManager ReloadAssembly
Native extension for WindowsStandalone target not found
Refreshing native plugins compatible for Editor in 0.54 ms, found 2 plugins.
Preloading 0 native plugins for Editor in 0.00 ms.
Refreshing native plugins compatible for Editor in 0.51 ms, found 2 plugins.
Mono: successfully reloaded assembly
- Completed reload, in  1.368 seconds
Domain Reload Profiling:
	ReloadAssembly (1369ms)
		BeginReloadAssembly (172ms)
			ExecutionOrderSort (0ms)
			DisableScriptedObjects (6ms)
			BackupInstance (0ms)
			ReleaseScriptingObjects (0ms)
			CreateAndSetChildDomain (22ms)
		EndReloadAssembly (1121ms)
			LoadAssemblies (113ms)
			RebuildTransferFunctionScriptingTraits (0ms)
			SetupTypeCache (352ms)
			ReleaseScriptCaches (0ms)
			RebuildScriptCaches (64ms)
			SetupLoadedEditorAssemblies (485ms)
				LogAssemblyErrors (0ms)
				InitializePlatformSupportModulesInManaged (7ms)
				SetLoadedEditorAssemblies (1ms)
				RefreshPlugins (1ms)
				BeforeProcessingInitializeOnLoad (92ms)
				ProcessInitializeOnLoadAttributes (371ms)
				ProcessInitializeOnLoadMethodAttributes (5ms)
				AfterProcessingInitializeOnLoad (8ms)
				EditorAssembliesLoaded (0ms)
			ExecutionOrderSort2 (0ms)
			AwakeInstancesAfterBackupRestoration (8ms)
Platform modules already initialized, skipping
========================================================================
Worker process is ready to serve import requests
Launched and connected shader compiler UnityShaderCompiler.exe after 0.07 seconds
Refreshing native plugins compatible for Editor in 0.57 ms, found 2 plugins.
Preloading 0 native plugins for Editor in 0.00 ms.
Unloading 1651 Unused Serialized files (Serialized files now loaded: 0)
System memory in use before: 84.3 MB.
System memory in use after: 84.4 MB.

Unloading 28 unused Assets to reduce memory usage. Loaded Objects now: 2084.
Total: 2.917200 ms (FindLiveObjects: 0.173700 ms CreateObjectMapping: 0.041600 ms MarkObjects: 2.583000 ms  DeleteObjects: 0.117000 ms)

AssetImportParameters requested are different than current active one (requested -> active):
  custom:framework-win-MediaFoundation: 216162199b28c13a410421893ffa2e32 -> 
  custom:video-decoder-ogg-theora: a1e56fd34408186e4bbccfd4996cb3dc -> 
  custom:container-muxer-webm: aa71ff27fc2769a1b78a27578f13a17b -> 
  custom:container-demuxer-webm: 4f35f7cbe854078d1ac9338744f61a02 -> 
  custom:container-demuxer-ogg: 62fdf1f143b41e24485cea50d1cbac27 -> 
  custom:video-encoder-webm-vp8: eb34c28f22e8b96e1ab97ce403110664 -> 
  custom:video-decoder-webm-vp8: 9c59270c3fd7afecdb556c50c9e8de78 -> 
  custom:audio-decoder-ogg-vorbis: bf7c407c2cedff20999df2af8eb42d56 -> 
  custom:audio-encoder-webm-vorbis: bf7c407c2cedff20999df2af8eb42d56 -> 
========================================================================
Received Import Request.
  path: Assets/UFE Addons/Compatibility/UFELegacyAPICompat.cs
  artifactKey: Guid(0a9bf684d465a5747b4373539fce5cc2) Importer(815301076,1909f56bfc062723c751e8b465ee728b)
Start importing Assets/UFE Addons/Compatibility/UFELegacyAPICompat.cs using Guid(0a9bf684d465a5747b4373539fce5cc2) Importer(815301076,1909f56bfc062723c751e8b465ee728b)  -> (artifact id: '8221b34acb8912fa6f1b449b0227e341') in 0.036002 seconds 
  Import took 0.040018 seconds .

========================================================================
Received Import Request.
  Time since last request: 4484.169563 seconds.
  path: Assets/NewBehaviourScript.cs
  artifactKey: Guid(30ac8b9fd3ce8494d82f41aa9ec3dcc0) Importer(815301076,1909f56bfc062723c751e8b465ee728b)
Start importing Assets/NewBehaviourScript.cs using Guid(30ac8b9fd3ce8494d82f41aa9ec3dcc0) Importer(815301076,1909f56bfc062723c751e8b465ee728b)  -> (artifact id: 'dd5d478c4e078917cb4bfc0fc5666302') in 0.007489 seconds 
  Import took 0.023420 seconds .

========================================================================
Received Prepare
Registering precompiled user dll's ...
Registered in 0.014364 seconds.
Begin MonoManager ReloadAssembly
Native extension for WindowsStandalone target not found
Refreshing native plugins compatible for Editor in 0.53 ms, found 2 plugins.
Preloading 0 native plugins for Editor in 0.00 ms.
Mono: successfully reloaded assembly
- Completed reload, in  1.345 seconds
Domain Reload Profiling:
	ReloadAssembly (1346ms)
		BeginReloadAssembly (209ms)
			ExecutionOrderSort (0ms)
			DisableScriptedObjects (13ms)
			BackupInstance (0ms)
			ReleaseScriptingObjects (0ms)
			CreateAndSetChildDomain (91ms)
		EndReloadAssembly (1063ms)
			LoadAssemblies (112ms)
			RebuildTransferFunctionScriptingTraits (0ms)
			SetupTypeCache (310ms)
			ReleaseScriptCaches (1ms)
			RebuildScriptCaches (53ms)
			SetupLoadedEditorAssemblies (483ms)
				LogAssemblyErrors (0ms)
				InitializePlatformSupportModulesInManaged (6ms)
				SetLoadedEditorAssemblies (0ms)
				RefreshPlugins (1ms)
				BeforeProcessingInitializeOnLoad (87ms)
				ProcessInitializeOnLoadAttributes (375ms)
				ProcessInitializeOnLoadMethodAttributes (5ms)
				AfterProcessingInitializeOnLoad (9ms)
				EditorAssembliesLoaded (0ms)
			ExecutionOrderSort2 (0ms)
			AwakeInstancesAfterBackupRestoration (8ms)
Platform modules already initialized, skipping
Refreshing native plugins compatible for Editor in 0.50 ms, found 2 plugins.
Preloading 0 native plugins for Editor in 0.00 ms.
Unloading 1642 Unused Serialized files (Serialized files now loaded: 0)
System memory in use before: 83.9 MB.
System memory in use after: 84.0 MB.

Unloading 23 unused Assets to reduce memory usage. Loaded Objects now: 2086.
Total: 2.968200 ms (FindLiveObjects: 0.238600 ms CreateObjectMapping: 0.046900 ms MarkObjects: 2.652000 ms  DeleteObjects: 0.029500 ms)

AssetImportParameters requested are different than current active one (requested -> active):
  custom:framework-win-MediaFoundation: 216162199b28c13a410421893ffa2e32 -> 
  custom:video-decoder-ogg-theora: a1e56fd34408186e4bbccfd4996cb3dc -> 
  custom:container-muxer-webm: aa71ff27fc2769a1b78a27578f13a17b -> 
  custom:container-demuxer-webm: 4f35f7cbe854078d1ac9338744f61a02 -> 
  custom:container-demuxer-ogg: 62fdf1f143b41e24485cea50d1cbac27 -> 
  custom:video-encoder-webm-vp8: eb34c28f22e8b96e1ab97ce403110664 -> 
  custom:video-decoder-webm-vp8: 9c59270c3fd7afecdb556c50c9e8de78 -> 
  custom:audio-decoder-ogg-vorbis: bf7c407c2cedff20999df2af8eb42d56 -> 
  custom:audio-encoder-webm-vorbis: bf7c407c2cedff20999df2af8eb42d56 -> 
========================================================================
Received Import Request.
  Time since last request: 26.260370 seconds.
  path: Assets/___Doc
  artifactKey: Guid(d1111d9413e21a74c9a5b770cb6e55c6) Importer(815301076,1909f56bfc062723c751e8b465ee728b)
Start importing Assets/___Doc using Guid(d1111d9413e21a74c9a5b770cb6e55c6) Importer(815301076,1909f56bfc062723c751e8b465ee728b)  -> (artifact id: 'f78ac8e1d7934037798d19dbe38f171a') in 0.010556 seconds 
  Import took 0.013507 seconds .

========================================================================
Received Import Request.
  Time since last request: 136.236895 seconds.
  path: Assets/___Doc/ClassDiagram1_阅读文档.docx
  artifactKey: Guid(e167cdb1c6b2ab747910be234212473f) Importer(815301076,1909f56bfc062723c751e8b465ee728b)
Start importing Assets/___Doc/ClassDiagram1_阅读文档.docx using Guid(e167cdb1c6b2ab747910be234212473f) Importer(815301076,1909f56bfc062723c751e8b465ee728b)  -> (artifact id: '6d55e45ca27e1f7639a7794531cc13b1') in 0.049627 seconds 
  Import took 0.057283 seconds .

========================================================================
Received Import Request.
  Time since last request: 1.372720 seconds.
  path: Assets/___Doc/members_analysis.json
  artifactKey: Guid(2c4d67e7a61eafc41a1acbea7b0abe0d) Importer(815301076,1909f56bfc062723c751e8b465ee728b)
Start importing Assets/___Doc/members_analysis.json using Guid(2c4d67e7a61eafc41a1acbea7b0abe0d) Importer(815301076,1909f56bfc062723c751e8b465ee728b)  -> (artifact id: '409be24874b6bc1bc127ec35ff1b14b0') in 0.018744 seconds 
  Import took 0.021727 seconds .

========================================================================
Received Import Request.
  Time since last request: 0.015121 seconds.
  path: Assets/___Doc/members_analysis.json
  artifactKey: Guid(2c4d67e7a61eafc41a1acbea7b0abe0d) Importer(815301076,1909f56bfc062723c751e8b465ee728b)
Start importing Assets/___Doc/members_analysis.json using Guid(2c4d67e7a61eafc41a1acbea7b0abe0d) Importer(815301076,1909f56bfc062723c751e8b465ee728b)  -> (artifact id: '409be24874b6bc1bc127ec35ff1b14b0') in 0.003759 seconds 
  Import took 0.007598 seconds .

========================================================================
Received Import Request.
  Time since last request: 2.858401 seconds.
  path: Assets/___Doc/UFE类图详细说明文档.docx
  artifactKey: Guid(adeb6c023042b15439d8a6dd15dce8b0) Importer(815301076,1909f56bfc062723c751e8b465ee728b)
Start importing Assets/___Doc/UFE类图详细说明文档.docx using Guid(adeb6c023042b15439d8a6dd15dce8b0) Importer(815301076,1909f56bfc062723c751e8b465ee728b)  -> (artifact id: 'dfedf14c9184ce8a573934cc5eeaac30') in 0.008086 seconds 
  Import took 0.012203 seconds .

========================================================================
Received Import Request.
  Time since last request: 44.910228 seconds.
  path: Assets/___Doc/members_analysis.json
  artifactKey: Guid(2c4d67e7a61eafc41a1acbea7b0abe0d) Importer(815301076,1909f56bfc062723c751e8b465ee728b)
Start importing Assets/___Doc/members_analysis.json using Guid(2c4d67e7a61eafc41a1acbea7b0abe0d) Importer(815301076,1909f56bfc062723c751e8b465ee728b)  -> (artifact id: '8fd42ab941cac19c5784c4fc92630937') in 0.006395 seconds 
  Import took 0.009671 seconds .

AssetImportWorkerClient::OnTransportError - code=2 error=End of file
